// Jest Snapshot v1, https://goo.gl/fbAQLP

exports[`renders correctly 1`] = `
<div
  className="card-container"
>
  <img
    alt="monster jack"
    src="https://robohash.org/1?set=set2&size=180x180"
  />
  <h2>
    jack
  </h2>
  <p>
    qq1111@gmail.com
  </p>
</div>
`;
